// Vitest Snapshot v1, https://vitest.dev/guide/snapshot.html

exports[`public API surface > matches the recorded surface 1`] = `
[
  "AccountTypeEnum",
  "AuthActionRequiredActions",
  "AuthApi",
  "AuthType",
  "AuthenticationError",
  "AuthorizationError",
  "BasicAuthProvider",
  "ChainTypeEnum",
  "ConfigurationError",
  "EmbeddedState",
  "EmbeddedWalletApi",
  "FundingApi",
  "IframeConnectionDestroyedError",
  "IframeHandshakeTimeoutError",
  "IframeRpcTimeoutError",
  "IframeSignEmptyResponseError",
  "IframeSignTimeoutError",
  "MissingProjectEntropyError",
  "MissingRecoveryPasswordError",
  "NotConfiguredError",
  "OAuthError",
  "OAuthProvider",
  "OPENFORT_AUTH_ERROR_CODES",
  "OPENFORT_ERROR_CODES",
  "OTPError",
  "OTPRequiredError",
  "Openfort",
  "OpenfortConfiguration",
  "OpenfortError",
  "OpenfortEvents",
  "PASSKEY_ERROR_CODES",
  "PasskeyAssertionFailedError",
  "PasskeyCreationFailedError",
  "PasskeyHandler",
  "PasskeyPRFNotSupportedError",
  "PasskeySeedInvalidError",
  "PasskeyUserCancelledError",
  "ProxyApi",
  "RecoveryError",
  "RecoveryMethod",
  "RequestError",
  "SessionEndedBeforeSetupError",
  "SessionError",
  "ShieldConfiguration",
  "SignerError",
  "ThirdPartyOAuthProvider",
  "TokenType",
  "UserApi",
  "UserError",
  "WrongPasskeyError",
  "WrongRecoveryPasswordError",
  "arrayBufferToBase64URL",
  "base64ToArrayBuffer",
  "cryptoDigest",
  "openfortEvents",
  "prepareAndSignAuthorization",
  "serializeSignedAuthorization",
  "setErrorConfig",
  "signAuthorization",
]
`;
