// Vitest Snapshot v1, https://vitest.dev/guide/snapshot.html

exports[`public API surface > matches the recorded surface 1`] = `
[
  "AccountTypeEnum",
  "AuthActionRequiredActions",
  "AuthActionRequiredResponse",
  "AuthApi",
  "AuthInitPayload",
  "AuthResponse",
  "AuthType",
  "AuthenticationError",
  "AuthorizationError",
  "BasicAuthProvider",
  "ChainTypeEnum",
  "ConfigurationError",
  "EmbeddedAccount",
  "EmbeddedState",
  "EmbeddedWalletApi",
  "EmbeddedWalletConnectionLostPayload",
  "FundingApi",
  "GrantPermissionsParameters",
  "GrantPermissionsReturnType",
  "IframeConnectionDestroyedError",
  "IframeHandshakeTimeoutError",
  "IframeRpcTimeoutError",
  "IframeSignEmptyResponseError",
  "IframeSignTimeoutError",
  "InitializeOAuthOptions",
  "MissingProjectEntropyError",
  "MissingRecoveryPasswordError",
  "NotConfiguredError",
  "OAuthError",
  "OAuthProvider",
  "OPENFORT_AUTH_ERROR_CODES",
  "OPENFORT_ERROR_CODES",
  "OTPError",
  "OTPRequiredError",
  "Openfort",
  "OpenfortConfiguration",
  "OpenfortError",
  "OpenfortEventMap",
  "OpenfortEvents",
  "OpenfortSDKConfiguration",
  "PASSKEY_ERROR_CODES",
  "PasskeyAssertionFailedError",
  "PasskeyCreationFailedError",
  "PasskeyEnv",
  "PasskeyHandler",
  "PasskeyPRFNotSupportedError",
  "PasskeySeedInvalidError",
  "PasskeyUserCancelledError",
  "Permission",
  "Policy",
  "Provider",
  "ProxyApi",
  "RecoveryError",
  "RecoveryMethod",
  "RecoveryMethodDetails",
  "RecoveryParams",
  "RequestError",
  "RevokePermissionsRequestParams",
  "SessionEndedBeforeSetupError",
  "SessionError",
  "SessionResponse",
  "ShieldAuthOptions",
  "ShieldConfiguration",
  "ShieldOptions",
  "SignedMessagePayload",
  "Signer",
  "SignerError",
  "Storage",
  "ThirdPartyAuthConfiguration",
  "ThirdPartyOAuthProvider",
  "TokenType",
  "TransactionIntentResponse",
  "TypedDataPayload",
  "User",
  "UserAccount",
  "UserApi",
  "UserError",
  "WrongPasskeyError",
  "WrongRecoveryPasswordError",
  "arrayBufferToBase64URL",
  "base64ToArrayBuffer",
  "cryptoDigest",
  "openfortEvents",
  "prepareAndSignAuthorization",
  "serializeSignedAuthorization",
  "signAuthorization",
]
`;
